There were 12 warnings (use warnings() to see them)

=== principled | Zielgroesse d | 15 Studien ===
  Knoten          Median-%   groesster in        >50% in   Studien
  baseline          100.0            14             14        15
  covars              4.0             1              1         4
  model               9.6             0              0         2
  inference           0.0             0              0        15

=== defensible | Zielgroesse d | 16 Studien ===
  Knoten          Median-%   groesster in        >50% in   Studien
  baseline           95.4            11             10        15
  transform           4.6             5              3        13
  model              28.7             0              0         2
  missing             6.9             0              0         7
  covars              2.0             0              0         4
  inference           0.0             0              0        16

=== principled | Zielgroesse ci_width_d | 15 Studien ===
  Knoten          Median-%   groesster in        >50% in   Studien
  baseline           75.8            11             11        15
  model              64.7             2              2         2
  inference           7.7             2              2        15
  covars              5.2             0              0         4

=== defensible | Zielgroesse ci_width_d | 16 Studien ===
  Knoten          Median-%   groesster in        >50% in   Studien
  baseline           77.3            11             11        15
  model              75.8             2              2         2
  missing             1.1             2              2         7
  inference           2.6             1              1        16
  covars              6.0             0              0         4
  transform           0.1             0              0        13
